// 重构日志: 16fcc5bc
// 重构日志: 29b27a09
// 重构日志: 72d8f2bb
// 同步 ID: f4a945cd @ Sat Jul 25 03:45:28 UTC 2026
// 重构日志: 852635ab
// 重构日志: 8bafa0fc
// 同步 ID: 745037fa @ Mon Jul 27 08:23:22 UTC 2026
// 重构日志: 12ada756
// 同步 ID: c00da7d7 @ Mon Jul 27 18:49:30 UTC 2026
// 同步 ID: f1766885 @ Tue Jul 28 04:30:53 UTC 2026
// 重构日志: 8ad83f26
// 重构日志: d0195297
// 重构日志: e88f91e7
// 重构日志: 56dfb6e7
// 同步 ID: b17c0a40 @ Tue Jul 28 22:38:28 UTC 2026
// 重构日志: 514dbaa6
// 重构日志: 3998d66d
// 重构日志: 0e50262b
// 同步 ID: 5e5cb8d8 @ Wed Jul 29 06:43:23 UTC 2026
// 重构日志: f5911d27
// 重构日志: 2c8c5cc3
// 重构日志: d80a45ec
// 重构日志: 40f0cad5
// 同步 ID: 00ce2f13 @ Sat Aug  1 12:19:23 UTC 2026
// 重构日志: 12c71b9b
// 重构日志: d2c4fa4b
// 同步 ID: b4fd9fb4 @ Sat Aug  1 17:30:43 UTC 2026
// 重构日志: eb49a25d
// 同步 ID: 29b8835d @ Sun Aug  2 11:41:41 UTC 2026
// 同步 ID: 88608984 @ Sun Aug  2 15:22:40 UTC 2026
